19:06:49 **** Incremental Build of configuration Debug for project 001-ArmHW ****
make -j24 all 
arm-none-eabi-gcc "../Src/main.c" -mcpu=cortex-m4 -std=gnu11 -g3 -DDEBUG -DSTM32 -DSTM32F4 -DSTM32F446RETx -c -I../Inc -O0 -ffunction-sections -fdata-sections -Wall -fstack-usage -fcyclomatic-complexity -MMD -MP -MF"Src/main.d" -MT"Src/main.o" --specs=nano.specs -mfloat-abi=soft -mthumb -o "Src/main.o"
../Src/main.c: In function 'main':
../Src/main.c:27:9: warning: implicit declaration of function 'printf' [-Wimplicit-function-declaration]
   27 |         printf("Hello World\n");
      |         ^~~~~~
../Src/main.c:20:1: note: include '<stdio.h>' or provide a declaration of 'printf'
   19 | #include <stdint.h>
  +++ |+#include <stdio.h>
   20 | 
../Src/main.c:27:9: warning: incompatible implicit declaration of built-in function 'printf' [-Wbuiltin-declaration-mismatch]
   27 |         printf("Hello World\n");
      |         ^~~~~~
../Src/main.c:27:9: note: include '<stdio.h>' or provide a declaration of 'printf'
arm-none-eabi-gcc -o "001-ArmHW.elf" @"objects.list"   -mcpu=cortex-m4 -T"C:\Users\rnmh1\LINUXSTUFF\embedded_practice\001-ArmHW\STM32F446RETX_FLASH.ld" --specs=nosys.specs -Wl,-Map="001-ArmHW.map" -Wl,--gc-sections -static --specs=nano.specs -mfloat-abi=soft -mthumb -Wl,--start-group -lc -lm -Wl,--end-group
Finished building target: 001-ArmHW.elf
 
arm-none-eabi-size  001-ArmHW.elf 
arm-none-eabi-objdump -h -S 001-ArmHW.elf  > "001-ArmHW.list"
   text	   data	    bss	    dec	    hex	filename
   3428	    100	   1900	   5428	   1534	001-ArmHW.elf
Finished building: default.size.stdout
 
Finished building: 001-ArmHW.list
 

19:06:50 Build Finished. 0 errors, 2 warnings. (took 669ms)

