20:56:52 **** Incremental Build of configuration Debug for project 002-GenCodeExample ****
make -j8 all 
arm-none-eabi-gcc "../Core/Src/main.c" -mcpu=cortex-m4 -std=gnu11 -g3 -DDEBUG -DUSE_HAL_DRIVER -DSTM32F446xx -c -I../Core/Inc -I../Drivers/STM32F4xx_HAL_Driver/Inc -I../Drivers/STM32F4xx_HAL_Driver/Inc/Legacy -I../Drivers/CMSIS/Device/ST/STM32F4xx/Include -I../Drivers/CMSIS/Include -O0 -ffunction-sections -fdata-sections -Wall -fstack-usage -fcyclomatic-complexity -MMD -MP -MF"Core/Src/main.d" -MT"Core/Src/main.o" --specs=nano.specs -mfpu=fpv4-sp-d16 -mfloat-abi=hard -mthumb -o "Core/Src/main.o"
arm-none-eabi-gcc -o "002-GenCodeExample.elf" @"objects.list"   -mcpu=cortex-m4 -T"/home/krayt/Projects/embedded_practice/002-GenCodeExample/STM32F446RETX_FLASH.ld" --specs=nosys.specs -Wl,-Map="002-GenCodeExample.map" -Wl,--gc-sections -static --specs=nano.specs -mfpu=fpv4-sp-d16 -mfloat-abi=hard -mthumb -Wl,--start-group -lc -lm -Wl,--end-group
Finished building target: 002-GenCodeExample.elf
 
arm-none-eabi-size  002-GenCodeExample.elf 
arm-none-eabi-objdump -h -S 002-GenCodeExample.elf  > "002-GenCodeExample.list"
   text	   data	    bss	    dec	    hex	filename
   8544	     20	   1644	  10208	   27e0	002-GenCodeExample.elf
Finished building: default.size.stdout
 
Finished building: 002-GenCodeExample.list
 

20:56:52 Build Finished. 0 errors, 0 warnings. (took 633ms)

